[pipe] connected after 0 tries
[pipe<-1] 'V'
[pipe<-2] 'B'
[pipe<-3] 'E'
[pipe<-4] 'F'
[pipe<-5] 'Q'
[pipe<-7] '0S'
[pipe<-8] 'F'
[pipe<-9] 'B'
[pipe<-11] 'Z['
[pipe<-13] 'K0'
[pipe<-19] '] kmai'
[pipe<-27] 'n entere'
[pipe<-34] 'd, PIC '
[pipe<-41] 'masked\n'
[pipe<-42] '['
[pipe<-67] 'GDT] ring-0 + ring-3 segm'
[pipe<-74] 'ents + '
[pipe<-81] '64-bit '
[pipe<-86] 'TSS l'
[pipe<-92] 'oaded\n'
[pipe<-93] '['
[pipe<-94] 'K'
[pipe<-103] '-g] gdt_i'
[pipe<-109] 'nit do'
[pipe<-110] 'n'
[pipe<-112] 'e\n'
[pipe<-113] '['
[pipe<-132] 'K-i] idt_init done\n'
[pipe<-133] '['
[pipe<-267] 'K-p] pic_init done\n[VMM] Setting up 32-bit paging (PSE)...\n[VMM] VBE LFB mapped in page directory\n[VMM] ring-3 user region 0x04000000-'
[pipe<-268] '0'
[pipe<-269] 'x'
[pipe<-270] '0'
[pipe<-271] '8'
[pipe<-272] '0'
[pipe<-273] '0'
[pipe<-274] '0'
[pipe<-275] '0'
[pipe<-276] '0'
[pipe<-277] '0'
[pipe<-278] ' '
[pipe<-279] '('
[pipe<-280] 'P'
[pipe<-281] 'G'
[pipe<-282] '_'
[pipe<-283] 'U'
[pipe<-284] 'S'
[pipe<-285] 'E'
[pipe<-286] 'R'
[pipe<-287] ')'
[pipe<-288] '\n'
[pipe<-289] '['
[pipe<-323] 'VMM] Paging enabled (32 MiB identi'
[pipe<-325] 'ty'
[pipe<-327] '-m'
[pipe<-330] 'app'
[pipe<-333] 'ed,'
[pipe<-336] ' 4 '
[pipe<-339] 'MiB'
[pipe<-341] ' P'
[pipe<-344] 'SE)'
[pipe<-345] '\n'
[pipe<-346] '['
[pipe<-364] 'K1] kmain entered\n'
[pipe<-365] '['
[pipe<-381] 'HW] ===== Hardwa'
[pipe<-384] 're '
[pipe<-386] 'De'
[pipe<-388] 'te'
[pipe<-390] 'ct'
[pipe<-392] 'io'
[pipe<-394] 'n '
[pipe<-396] '=='
[pipe<-398] '=='
[pipe<-400] '=\n'
[pipe<-401] '['
[pipe<-420] 'HW] CPU: AuthenticA'
[pipe<-422] 'MD'
[pipe<-423] ' '
[pipe<-424] 'F'
[pipe<-430] 'amily='
[pipe<-431] '1'
[pipe<-439] '5 Model='
[pipe<-440] '1'
[pipe<-451] '07 [x86-64]'
[pipe<-452] ' '
[pipe<-453] '['
[pipe<-456] 'SSE'
[pipe<-458] '2]'
[pipe<-459] '\n'
[pipe<-460] '['
[pipe<-498] 'HW] E820 not available, using CMOS fal'
[pipe<-503] 'lback'
[pipe<-504] '\n'
[pipe<-505] '['
[pipe<-529] 'HW] PS/2 controller: OK\n'
[pipe<-530] '['
[pipe<-555] 'HW] PS/2 mouse: detected\n'
[pipe<-556] '['
[pipe<-557] 'H'
[pipe<-574] 'W] PCI bus scan:\n'
[pipe<-575] '['
[pipe<-584] 'HW]   00:'
[pipe<-585] '0'
[pipe<-596] '0.0 vendor='
[pipe<-597] '8'
[pipe<-599] '08'
[pipe<-600] '6'
[pipe<-601] ' '
[pipe<-602] 'd'
[pipe<-610] 'ev=1237 '
[pipe<-612] 'cl'
[pipe<-615] 'ass'
[pipe<-616] '='
[pipe<-617] '0'
[pipe<-621] '600\n'
[pipe<-622] '['
[pipe<-668] 'HW]   00:01.0 vendor=8086 dev=7000 class=0601\n'
[pipe<-669] '['
[pipe<-684] 'HW]   00:01.1 v'
[pipe<-688] 'endo'
[pipe<-692] 'r=80'
[pipe<-696] '86 d'
[pipe<-699] 'ev='
[pipe<-702] '701'
[pipe<-706] '0 cl'
[pipe<-709] 'ass'
[pipe<-712] '=01'
[pipe<-715] '01\n'
[pipe<-716] '['
[pipe<-717] 'H'
[pipe<-723] 'W]   -'
[pipe<-727] '> Ma'
[pipe<-731] 'ss s'
[pipe<-734] 'tor'
[pipe<-737] 'age'
[pipe<-741] ' con'
[pipe<-744] 'tro'
[pipe<-748] 'ller'
[pipe<-749] '\n'
[pipe<-750] '['
[pipe<-764] 'HW]   00:01.3 '
[pipe<-768] 'vend'
[pipe<-771] 'or='
[pipe<-774] '808'
[pipe<-777] '6 d'
[pipe<-781] 'ev=7'
[pipe<-784] '113'
[pipe<-787] ' cl'
[pipe<-791] 'ass='
[pipe<-794] '068'
[pipe<-796] '0\n'
[pipe<-799] '[HW'
[pipe<-803] ']   '
[pipe<-806] '00:'
[pipe<-809] '02.'
[pipe<-813] '0 ve'
[pipe<-817] 'ndor'
[pipe<-820] '=12'
[pipe<-823] '34 '
[pipe<-827] 'dev='
[pipe<-830] '111'
[pipe<-834] '1 cl'
[pipe<-838] 'ass='
[pipe<-841] '030'
[pipe<-843] '0\n'
[pipe<-844] '['
[pipe<-845] 'H'
[pipe<-850] 'W]   '
[pipe<-853] '-> '
[pipe<-856] 'Dis'
[pipe<-860] 'play'
[pipe<-863] ' co'
[pipe<-867] 'ntro'
[pipe<-870] 'lle'
[pipe<-873] 'r d'
[pipe<-877] 'etec'
[pipe<-880] 'ted'
[pipe<-881] '\n'
[pipe<-883] '[H'
[pipe<-886] 'W] '
[pipe<-889] '  0'
[pipe<-892] '0:0'
[pipe<-895] '3.0'
[pipe<-898] ' ve'
[pipe<-901] 'ndo'
[pipe<-905] 'r=80'
[pipe<-908] '86 '
[pipe<-911] 'dev'
[pipe<-915] '=100'
[pipe<-918] 'E c'
[pipe<-921] 'las'
[pipe<-924] 's=0'
[pipe<-928] '200\n'
[pipe<-929] '['
[pipe<-939] 'HW] PCI: 6'
[pipe<-954] ' devices found\n'
[pipe<-955] '['
[pipe<-970] 'HW] Disk: QEMU '
[pipe<-975] 'HARDD'
[pipe<-977] 'IS'
[pipe<-980] 'K  '
[pipe<-983] '   '
[pipe<-986] '   '
[pipe<-989] '   '
[pipe<-992] '   '
[pipe<-995] '   '
[pipe<-998] '   '
[pipe<-1002] '    '
[pipe<-1005] '   '
[pipe<-1006] ' '
[pipe<-1007] '('
[pipe<-1008] '0'
[pipe<-1013] ' MB)\n'
[pipe<-1014] '['
[pipe<-1033] 'HW] VBE: available '
[pipe<-1034] '1'
[pipe<-1038] '280x'
[pipe<-1039] '7'
[pipe<-1052] '20 [mode_set]'
[pipe<-1053] ' '
[pipe<-1054] 'f'
[pipe<-1057] 'mt='
[pipe<-1058] 'B'
[pipe<-1080] 'GRX32\n[HW] ===== Detec'
[pipe<-1085] 'tion '
[pipe<-1089] 'Comp'
[pipe<-1091] 'le'
[pipe<-1092] 't'
[pipe<-1100] 'e =====\n'
[pipe<-1101] '['
[pipe<-1149] 'K2] VBE graphics mode active (set by BIOS/UEFI)\n'
[pipe<-1150] '['
[pipe<-1190] 'FBCON] Framebuffer console initialized\n['
[pipe<-1191] 'K'
[pipe<-1195] '-DBG'
[pipe<-1199] '] 0x'
[pipe<-1202] '500'
[pipe<-1204] 'D='
[pipe<-1205] '0'
[pipe<-1222] '1\n[K-DBG] 0x5000='
[pipe<-1223] '0'
[pipe<-1225] '0\n'
[pipe<-1226] '\n'
[pipe<-1227] '['
[pipe<-1265] 'K-VBE] VBE info available (GUI ready)\n'
[pipe<-1266] '['
[pipe<-1289] 'K3] terminal init done\n'
[pipe<-1290] '['
[pipe<-1330] 'MOUSE] Intellimouse (4-byte packets, whe'
[pipe<-1331] 'e'
[pipe<-1332] 'l'
[pipe<-1334] ')\n'
[pipe<-1335] '['
[pipe<-1336] 'K'
[pipe<-1339] '4] '
[pipe<-1341] 'mo'
[pipe<-1343] 'us'
[pipe<-1344] 'e'
[pipe<-1346] ' i'
[pipe<-1348] 'ni'
[pipe<-1350] 't '
[pipe<-1352] 'do'
[pipe<-1354] 'ne'
[pipe<-1355] '\n'
[pipe<-1356] '['
[pipe<-1363] 'MKFS] D'
[pipe<-1365] 'at'
[pipe<-1367] 'a '
[pipe<-1369] 'di'
[pipe<-1371] 'sk'
[pipe<-1373] ': '
[pipe<-1374] 'A'
[pipe<-1376] 'TA'
[pipe<-1377] ' '
[pipe<-1378] 'p'
[pipe<-1384] 'rimary'
[pipe<-1385] ' '
[pipe<-1386] 'm'
[pipe<-1391] 'aster'
[pipe<-1392] '\n'
[pipe<-1393] '['
[pipe<-1400] 'MKFS] N'
[pipe<-1402] 'ot'
[pipe<-1404] ' f'
[pipe<-1406] 'or'
[pipe<-1408] 'ma'
[pipe<-1410] 'tt'
[pipe<-1412] 'ed'
[pipe<-1414] ' -'
[pipe<-1416] ' t'
[pipe<-1418] 'yp'
[pipe<-1420] 'e '
[pipe<-1422] "'m"
[pipe<-1424] 'kf'
[pipe<-1427] "s' "
[pipe<-1430] 'to '
[pipe<-1432] 'fo'
[pipe<-1434] 'rm'
[pipe<-1436] 'at'
[pipe<-1437] ' '
[pipe<-1439] 'th'
[pipe<-1441] 'e '
[pipe<-1443] 'da'
[pipe<-1445] 'ta'
[pipe<-1447] ' d'
[pipe<-1449] 'is'
[pipe<-1450] 'k'
[pipe<-1451] '\n'
[pipe<-1452] '['
[pipe<-1466] 'SFS] mount_at('
[pipe<-1467] '3'
[pipe<-1470] '836'
[pipe<-1471] ')'
[pipe<-1472] ' '
[pipe<-1481] 'magic Fai'
[pipe<-1485] 'l by'
[pipe<-1488] 'tes'
[pipe<-1489] '='
[pipe<-1490] 'E'
[pipe<-1491] '8'
[pipe<-1492] '6'
[pipe<-1497] 'BB6FF'
[pipe<-1498] '\n'
[pipe<-1499] '['
[pipe<-1500] 'K'
[pipe<-1503] '6] '
[pipe<-1508] 'WARN:'
[pipe<-1512] ' no '
[pipe<-1515] 'Lin'
[pipe<-1519] 'ux p'
[pipe<-1522] 'art'
[pipe<-1525] 'iti'
[pipe<-1529] 'on a'
[pipe<-1532] 't L'
[pipe<-1535] 'BA '
[pipe<-1536] '3'
[pipe<-1539] '836'
[pipe<-1540] ' '
[pipe<-1541] '('
[pipe<-1547] 'linux '
[pipe<-1550] '<fi'
[pipe<-1554] 'le> '
[pipe<-1558] 'fall'
[pipe<-1561] 's b'
[pipe<-1565] 'ack '
[pipe<-1567] 'to'
[pipe<-1568] ' '
[pipe<-1576] 'main SFS'
[pipe<-1578] ')\n'
[pipe<-1579] '['
[pipe<-1581] 'K6'
[pipe<-1587] '] file'
[pipe<-1590] 'sys'
[pipe<-1593] 'tem'
[pipe<-1595] ' i'
[pipe<-1597] 'ni'
[pipe<-1600] 't d'
[pipe<-1602] 'on'
[pipe<-1604] 'e\n'
[pipe<-1605] '['
[pipe<-1626] 'VFS] mounted on SFS, '
[pipe<-1628] '8 '
[pipe<-1631] 'fds'
[pipe<-1639] ', sandbo'
[pipe<-1647] 'x roots '
[pipe<-1654] 'active\n'
[pipe<-1655] '['
[pipe<-1673] 'PERM] Y/N prompt e'
[pipe<-1679] 'ngine '
[pipe<-1684] 'armed'
[pipe<-1688] ' (fa'
[pipe<-1693] 'il-sa'
[pipe<-1698] 'fe: n'
[pipe<-1699] 'o'
[pipe<-1704] ' answ'
[pipe<-1708] 'er ='
[pipe<-1713] ' DENY'
[pipe<-1715] ')\n'
[pipe<-1716] '['
[pipe<-1737] 'PMM] .bss+lmboot rese'
[pipe<-1742] 'rved '
[pipe<-1743] '0'
[pipe<-1753] '0120000 ..'
[pipe<-1754] ' '
[pipe<-1757] '018'
[pipe<-1762] '28000'
[pipe<-1763] '\n'
[pipe<-1836] '[PMM] lmboot 01800000 .. 01828000 (k32 stack/PML4/k64 stack)\n[PMM] RAM-SF'
[pipe<-1843] 'S regio'
[pipe<-1848] 'n res'
[pipe<-1854] 'erved '
[pipe<-1855] '0'
[pipe<-1863] '1400000 '
[pipe<-1865] '..'
[pipe<-1866] ' '
[pipe<-1871] '01800'
[pipe<-1874] '000'
[pipe<-1875] '\n'
[pipe<-1876] '['
[pipe<-1877] 'P'
[pipe<-1893] 'MM] Initialised\n'
[pipe<-1894] '['
[pipe<-1901] 'HEAP] I'
[pipe<-1906] 'nitia'
[pipe<-1910] 'lise'
[pipe<-1915] 'd: 14'
[pipe<-1919] ' MiB'
[pipe<-1924] ' at 0'
[pipe<-1928] 'x500'
[pipe<-1930] '00'
[pipe<-1931] '0'
[pipe<-1932] '\n'
[pipe<-1933] '['
[pipe<-1944] 'K7] memory '
[pipe<-1952] 'manageme'
[pipe<-1958] 'nt ini'
[pipe<-1965] 't done\n'
[pipe<-1966] '['
[pipe<-1967] 'K'
[pipe<-1981] '] Command-line'
[pipe<-1988] ' shell '
[pipe<-1994] '(GUI s'
[pipe<-1999] 'tarts'
[pipe<-2005] ' on de'
[pipe<-2011] 'mand v'
[pipe<-2017] "ia 'ru"
[pipe<-2023] 'n <win'
[pipe<-2029] "file>'"
[pipe<-2031] ')\n'
[pipe<-2032] '['
[pipe<-2033] 'K'
[pipe<-2039] '8] Ini'
[pipe<-2045] 'tializ'
[pipe<-2051] 'ing ne'
[pipe<-2057] 'twork.'
[pipe<-2060] '..\n'
[pipe<-2061] '['
[pipe<-2065] 'NET]'
[pipe<-2071] ' Initi'
[pipe<-2072] 'a'
[pipe<-2085] 'lizing networ'
[pipe<-2090] 'k...\n'
[pipe<-2091] '['
[pipe<-2121] 'NET] NE2000 initialized, MAC=F'
[pipe<-2122] 'F'
[pipe<-2123] ':'
[pipe<-2124] 'F'
[pipe<-2138] 'F:FF:FF:FF:FF\n'
[pipe<-2139] '['
[pipe<-2177] 'NET] Network ready. IP=10.0.2.15:8080\n'
[pipe<-2178] '['
[pipe<-2179] 'K'
[pipe<-2183] '8] N'
[pipe<-2187] 'etwo'
[pipe<-2191] 'rk i'
[pipe<-2195] 'niti'
[pipe<-2199] 'aliz'
[pipe<-2203] 'ed s'
[pipe<-2207] 'ucce'
[pipe<-2211] 'ssfu'
[pipe<-2215] 'lly\n'
[pipe<-2216] 'H'
[pipe<-2217] 'e'
[pipe<-2225] 'llo worl'
[pipe<-2241] 'd from C++ kerne'
[pipe<-2244] 'l!\n'
[pipe<-2245] '['
[pipe<-2246] 'K'
[pipe<-2250] '5] H'
[pipe<-2254] 'ello'
[pipe<-2258] ' wor'
[pipe<-2261] 'ld '
[pipe<-2265] 'writ'
[pipe<-2269] 'ten\n'
[pipe<-2270] 'T'
[pipe<-2278] 'wo-stage'
[pipe<-2282] ' boo'
[pipe<-2285] 't s'
[pipe<-2289] 'ucce'
[pipe<-2292] 'ede'
[pipe<-2296] 'd. 3'
[pipe<-2300] '2-bi'
[pipe<-2303] 't p'
[pipe<-2307] 'rote'
[pipe<-2311] 'cted'
[pipe<-2315] ' mod'
[pipe<-2318] 'e.\n'
[pipe<-2319] '\n'
[pipe<-2320] 'M'
[pipe<-2328] 'KFS: not'
[pipe<-2331] ' fo'
[pipe<-2335] 'rmat'
[pipe<-2339] 'ted '
[pipe<-2343] '(use'
[pipe<-2346] " 'm"
[pipe<-2349] 'kfs'
[pipe<-2352] "' t"
[pipe<-2355] 'o f'
[pipe<-2358] 'orm'
[pipe<-2361] 'at)'
[pipe<-2362] '\n'
[pipe<-2363] 'S'
[pipe<-2372] 'FS:  not '
[pipe<-2376] 'foun'
[pipe<-2378] 'd\n'
[pipe<-2379] 'F'
[pipe<-2386] 'AT32: n'
[pipe<-2389] 'ot '
[pipe<-2392] 'mou'
[pipe<-2395] 'nte'
[pipe<-2398] 'd ('
[pipe<-2401] 'use'
[pipe<-2404] " 'p"
[pipe<-2407] 'art'
[pipe<-2410] "' +"
[pipe<-2413] " 'm"
[pipe<-2417] 'ount'
[pipe<-2420] "')\n"
[pipe<-2421] 'M'
[pipe<-2426] 'EM:  '
[pipe<-2427] '6'
[pipe<-2428] '4'
[pipe<-2429] ' '
[pipe<-2450] 'MiB RAM, 10487 free p'
[pipe<-2455] 'ages,'
[pipe<-2460] ' pagi'
[pipe<-2463] 'ng '
[pipe<-2464] 'O'
[pipe<-2472] 'N (32-bi'
[pipe<-2478] 't PSE)'
[pipe<-2479] '\n'
[pipe<-2480] 'N'
[pipe<-2497] 'ET:  UP  HTTP ser'
[pipe<-2503] 'ver on'
[pipe<-2504] ' '
[pipe<-2510] 'http:/'
[pipe<-2511] '/'
[pipe<-2512] '1'
[pipe<-2527] '0.0.2.15@:8080\n'
[pipe<-2528] 'G'
[pipe<-2537] 'UI:  VBE '
[pipe<-2538] '0'
[pipe<-2539] 'x'
[pipe<-2540] '0'
[pipe<-2544] ' (te'
[pipe<-2548] 'xt s'
[pipe<-2552] 'hell'
[pipe<-2556] ' by '
[pipe<-2560] 'defa'
[pipe<-2564] 'ult;'
[pipe<-2568] " 'gu"
[pipe<-2572] "i' t"
[pipe<-2576] 'o en'
[pipe<-2580] 'ter '
[pipe<-2584] 'desk'
[pipe<-2588] 'top)'
[pipe<-2589] '\n'
[pipe<-2590] '\n'
[pipe<-2595] 'Initi'
[pipe<-2599] 'aliz'
[pipe<-2603] 'ing '
[pipe<-2607] 'secu'
[pipe<-2611] 'rity'
[pipe<-2615] ' sys'
[pipe<-2619] 'tem.'
[pipe<-2622] '..\n'
[pipe<-2623] '['
[pipe<-2641] 'K32] sign-in defer'
[pipe<-2645] 'red '
[pipe<-2649] 'to t'
[pipe<-2653] 'he g'
[pipe<-2657] 'raph'
[pipe<-2660] 'ica'
[pipe<-2664] 'l lo'
[pipe<-2671] 'ck scre'
[pipe<-2674] 'en\n'
[pipe<-2676] 'Si'
[pipe<-2679] 'gn-'
[pipe<-2683] 'in d'
[pipe<-2687] 'efer'
[pipe<-2690] 'red'
[pipe<-2694] ' to '
[pipe<-2697] 'the'
[pipe<-2701] ' gra'
[pipe<-2705] 'phic'
[pipe<-2709] 'al l'
[pipe<-2713] 'ock '
[pipe<-2717] 'scre'
[pipe<-2721] 'en.\n'
[pipe<-2722] '\n'
[pipe<-2739] 'Shell ready. Type'
[pipe<-2744] " 'hel"
[pipe<-2749] "p' fo"
[pipe<-2753] 'r co'
[pipe<-2757] 'mman'
[pipe<-2761] 'ds.\n'
[pipe<-2762] 'T'
[pipe<-2769] 'ab=auto'
[pipe<-2773] 'comp'
[pipe<-2776] 'let'
[pipe<-2779] 'e, '
[pipe<-2782] 'Arr'
[pipe<-2786] 'ows='
[pipe<-2787] 'c'
[pipe<-2791] 'urso'
[pipe<-2795] 'r/hi'
[pipe<-2799] 'stor'
[pipe<-2803] 'y, P'
[pipe<-2807] 'gUp/'
[pipe<-2811] 'PgDn'
[pipe<-2814] '=sc'
[pipe<-2817] 'rol'
[pipe<-2821] 'l, H'
[pipe<-2824] 'ome'
[pipe<-2828] '/End'
[pipe<-2832] ', Ct'
[pipe<-2835] 'rl+'
[pipe<-2839] 'C/V/'
[pipe<-2842] 'L/Z'
[pipe<-2846] '/A.\n'
[pipe<-2847] 'I'
[pipe<-2856] 'n the GUI'
[pipe<-2860] ': Ct'
[pipe<-2864] 'rl+L'
[pipe<-2868] 'eft/'
[pipe<-2872] 'Righ'
[pipe<-2876] 't/Up'
[pipe<-2880] ' swi'
[pipe<-2884] 'tch '
[pipe<-2888] 'virt'
[pipe<-2892] 'ual '
[pipe<-2896] 'desk'
[pipe<-2900] 'tops'
[pipe<-2904] ' (de'
[pipe<-2908] 'faul'
[pipe<-2912] 't / '
[pipe<-2916] 'AI /'
[pipe<-2919] ' to'
[pipe<-2923] 'ggle'
[pipe<-2926] ').\n'
[pipe<-2927] '\n'
[pipe<-2928] '['
[pipe<-2929] 'K'
[pipe<-2933] '] bo'
[pipe<-2937] 'ot: '
[pipe<-2941] 'auto'
[pipe<-2945] '-lau'
[pipe<-2949] 'nch '
[pipe<-2953] 'Win1'
[pipe<-2958] '1 GUI'
[pipe<-2962] ' des'
[pipe<-2966] 'ktop'
[pipe<-2971] ' (32-'
[pipe<-2975] 'bit)'
[pipe<-2976] '\n'
[pipe<-2977] '['
[pipe<-2978] 'G'
[pipe<-2983] 'UI] f'
[pipe<-2987] 'ont '
[pipe<-2991] 'mode'
[pipe<-2996] ' = BI'
[pipe<-3000] 'OS 1'
[pipe<-3004] '-bit'
[pipe<-3008] ' 8x1'
[pipe<-3012] '6 (t'
[pipe<-3017] 'hin)\n'
[pipe<-3018] '['
[pipe<-3019] 'D'
[pipe<-3027] 'GOP] fb_'
[pipe<-3031] 'base'
[pipe<-3034] '=0x'
[pipe<-3035] 'F'
[pipe<-3036] 'D'
[pipe<-3042] '000000'
[pipe<-3043] ' '
[pipe<-3044] 'f'
[pipe<-3050] 'b64=0x'
[pipe<-3051] '0'
[pipe<-3052] '0'
[pipe<-3058] '000000'
[pipe<-3059] ' '
[pipe<-3060] 'w'
[pipe<-3061] '='
[pipe<-3062] '1'
[pipe<-3063] '2'
[pipe<-3065] '80'
[pipe<-3066] ' '
[pipe<-3067] 'h'
[pipe<-3069] '=7'
[pipe<-3071] '20'
[pipe<-3072] ' '
[pipe<-3073] 'b'
[pipe<-3076] 'pp='
[pipe<-3078] '16'
[pipe<-3079] ' '
[pipe<-3080] 'p'
[pipe<-3084] 'itch'
[pipe<-3085] '='
[pipe<-3086] '2'
[pipe<-3089] '560'
[pipe<-3090] ' '
[pipe<-3091] 'n'
[pipe<-3098] 'ominal='
[pipe<-3099] '2'
[pipe<-3102] '560'
[pipe<-3103] ' '
[pipe<-3104] 'M'
[pipe<-3109] 'ATCH\n'
[pipe<-3110] '['
[pipe<-3111] 'G'
[pipe<-3118] 'UI] Pix'
[pipe<-3121] 'el '
[pipe<-3124] 'for'
[pipe<-3128] 'mat:'
[pipe<-3129] ' '
[pipe<-3130] 'B'
[pipe<-3131] 'G'
[pipe<-3135] 'RX32'
[pipe<-3136] '\n'
[pipe<-3137] '['
[pipe<-3138] 'G'
[pipe<-3146] 'UI] BGA:'
[pipe<-3147] ' '
[pipe<-3148] 'y'
[pipe<-3149] 'e'
[pipe<-3150] 's'
[pipe<-3151] ','
[pipe<-3152] ' '
[pipe<-3159] 'BIOS mo'
[pipe<-3163] 'de s'
[pipe<-3166] 'et:'
[pipe<-3167] ' '
[pipe<-3168] 'y'
[pipe<-3169] 'e'
[pipe<-3171] 's,'
[pipe<-3172] ' '
[pipe<-3180] 'source: '
[pipe<-3181] 'B'
[pipe<-3182] 'I'
[pipe<-3190] 'OS-VBE/B'
[pipe<-3193] 'GA\n'
[pipe<-3194] '['
[pipe<-3245] 'GUI] Framebuffer initialized with double-buffering\n'
[pipe<-3246] 'E'
[pipe<-3281] 'ntering Win11 Desktop GUI mode...\n['
[pipe<-3282] 'K'
[pipe<-3290] '32] Ente'
[pipe<-3294] 'ring'
[pipe<-3298] ' Win'
[pipe<-3301] '11 '
[pipe<-3304] 'GUI'
[pipe<-3307] ' mo'
[pipe<-3310] 'de\n'
[pipe<-3311] '['
[pipe<-3312] 'C'
[pipe<-3319] 'LR] Min'
[pipe<-3323] 'iCLR'
[pipe<-3326] ' in'
[pipe<-3329] 'iti'
[pipe<-3333] 'alis'
[pipe<-3336] 'ed '
[pipe<-3337] '('
[pipe<-3338] '1'
[pipe<-3339] '1'
[pipe<-3340] ' '
[pipe<-3341] 'i'
[pipe<-3348] 'nternal'
[pipe<-3352] ' cal'
[pipe<-3356] 'ls)\n'
[pipe<-3357] '['
[pipe<-3374] 'TEX] load failed:'
[pipe<-3375] ' '
[pipe<-3518] 'tex_wall.tex\n[TEX] load failed: tex_task.tex\n[TEX] load failed: tex_menu.tex\n[TEX] load failed: tex_chrome.tex\n[TEX] load failed: tex_winbg.tex'
[pipe<-3519] '\n'
[pipe<-3520] '['
[pipe<-3525] 'TEX] '
[pipe<-3529] 'load'
[pipe<-3533] ' fai'
[pipe<-3537] 'led:'
[pipe<-3540] ' te'
[pipe<-3544] 'x_k0'
[pipe<-3548] '.tex'
[pipe<-3549] '\n'
[pipe<-3550] '['
[pipe<-3557] 'TEX] lo'
[pipe<-3560] 'ad '
[pipe<-3563] 'fai'
[pipe<-3566] 'led'
[pipe<-3569] ': t'
[pipe<-3572] 'ex_'
[pipe<-3576] 'k1.t'
[pipe<-3579] 'ex\n'
[pipe<-3582] '[TE'
[pipe<-3586] 'X] l'
[pipe<-3590] 'oad '
[pipe<-3594] 'fail'
[pipe<-3597] 'ed:'
[pipe<-3600] ' te'
[pipe<-3604] 'x_k2'
[pipe<-3607] '.te'
[pipe<-3610] 'x\n['
[pipe<-3613] 'TEX'
[pipe<-3616] '] l'
[pipe<-3619] 'oad'
[pipe<-3622] ' fa'
[pipe<-3625] 'ile'
[pipe<-3628] 'd: '
[pipe<-3631] 'tex'
[pipe<-3634] '_k3'
[pipe<-3638] '.tex'
[pipe<-3641] '\n[T'
[pipe<-3644] 'EX]'
[pipe<-3647] ' lo'
[pipe<-3650] 'ad '
[pipe<-3655] 'faile'
[pipe<-3660] 'd: te'
[pipe<-3663] 'x_k'
[pipe<-3667] '4.te'
[pipe<-3670] 'x\n['
[pipe<-3673] 'TEX'
[pipe<-3676] '] l'
[pipe<-3679] 'oad'
[pipe<-3682] ' fa'
[pipe<-3685] 'ile'
[pipe<-3688] 'd: '
[pipe<-3691] 'tex'
[pipe<-3695] '_k5.'
[pipe<-3699] 'tex\n'
[pipe<-3702] '[TE'
[pipe<-3706] 'X] l'
[pipe<-3710] 'oad '
[pipe<-3713] 'fai'
[pipe<-3716] 'led'
[pipe<-3720] ': te'
[pipe<-3724] 'x_k6'
[pipe<-3727] '.te'
[pipe<-3730] 'x\n['
[pipe<-3734] 'TEX]'
[pipe<-3738] ' loa'
[pipe<-3741] 'd f'
[pipe<-3745] 'aile'
[pipe<-3749] 'd: t'
[pipe<-3753] 'ex_k'
[pipe<-3756] '7.t'
[pipe<-3759] 'ex\n'
[pipe<-3763] '[TEX'
[pipe<-3767] '] lo'
[pipe<-3770] 'ad '
[pipe<-3774] 'fail'
[pipe<-3778] 'ed: '
[pipe<-3782] 'tex_'
[pipe<-3785] 'k8.'
[pipe<-3788] 'tex'
[pipe<-3789] '\n'
[pipe<-3790] '['
[pipe<-3791] 'M'
[pipe<-3794] 'FOR'
[pipe<-3797] 'MS]'
[pipe<-3798] ' '
[pipe<-3799] 'm'
[pipe<-3800] 'f'
[pipe<-3803] 'orm'
[pipe<-3806] 's: '
[pipe<-3809] 'CLR'
[pipe<-3812] ': f'
[pipe<-3816] 'ile '
[pipe<-3819] 'not'
[pipe<-3822] ' fo'
[pipe<-3825] 'und'
[pipe<-3828] ': s'
[pipe<-3831] 'hel'
[pipe<-3834] 'l.m'
[pipe<-3836] 'ex'
[pipe<-3837] '\n'
[pipe<-3838] '['
[pipe<-3852] 'GUI] VBE mode '
[pipe<-3856] 'set '
[pipe<-3859] 'via'
[pipe<-3861] ' B'
[pipe<-3864] 'GA '
[pipe<-3866] 'po'
[pipe<-3868] 'rt'
[pipe<-3870] 's\n'
[pipe<-3871] '['
[pipe<-3888] 'GUI] LFB cleared\n'
[pipe<-3889] '['
[pipe<-3909] 'ANIM] TSC 2502553 ti'
[pipe<-3915] 'cks/ms'
[pipe<-3916] '\n'
[pipe<-3917] '['
[pipe<-3926] 'GUI] IME '
[pipe<-3932] 'reset '
[pipe<-3936] 'done'
[pipe<-3937] '\n'
[pipe<-3938] '['
[pipe<-3941] 'GUI'
[pipe<-3945] '] re'
[pipe<-3949] 'nder'
[pipe<-3953] '_all'
[pipe<-3958] ' begi'
[pipe<-3960] 'n\n'
[pipe<-3961] '['
[pipe<-3981] 'GUI] render_all end\n'
[pipe<-3982] '['
[pipe<-3983] 'G'
[pipe<-3990] 'UI] Ent'
[pipe<-3994] 'ered'
[pipe<-3998] ' GUI'
[pipe<-4002] ' mod'
[pipe<-4004] 'e\n'
[pipe] EOF
